Archive member included to satisfy reference by file (symbol)

/home/STM32/gcc-arm-none-eabi-9-2019-q4-major/bin/../lib/gcc/arm-none-eabi/9.2.1/../../../../arm-none-eabi/lib/thumb/v7-m/nofp/libc_nano.a(lib_a-exit.o)
                              /home/STM32/gcc-arm-none-eabi-9-2019-q4-major/bin/../lib/gcc/arm-none-eabi/9.2.1/../../../../arm-none-eabi/lib/thumb/v7-m/nofp/crt0.o (exit)
/home/STM32/gcc-arm-none-eabi-9-2019-q4-major/bin/../lib/gcc/arm-none-eabi/9.2.1/../../../../arm-none-eabi/lib/thumb/v7-m/nofp/libc_nano.a(lib_a-impure.o)
                              /home/STM32/gcc-arm-none-eabi-9-2019-q4-major/bin/../lib/gcc/arm-none-eabi/9.2.1/../../../../arm-none-eabi/lib/thumb/v7-m/nofp/libc_nano.a(lib_a-exit.o) (_global_impure_ptr)
/home/STM32/gcc-arm-none-eabi-9-2019-q4-major/bin/../lib/gcc/arm-none-eabi/9.2.1/../../../../arm-none-eabi/lib/thumb/v7-m/nofp/libc_nano.a(lib_a-init.o)
                              /home/STM32/gcc-arm-none-eabi-9-2019-q4-major/bin/../lib/gcc/arm-none-eabi/9.2.1/../../../../arm-none-eabi/lib/thumb/v7-m/nofp/crt0.o (__libc_init_array)
/home/STM32/gcc-arm-none-eabi-9-2019-q4-major/bin/../lib/gcc/arm-none-eabi/9.2.1/../../../../arm-none-eabi/lib/thumb/v7-m/nofp/libc_nano.a(lib_a-memset.o)
                              /home/STM32/gcc-arm-none-eabi-9-2019-q4-major/bin/../lib/gcc/arm-none-eabi/9.2.1/../../../../arm-none-eabi/lib/thumb/v7-m/nofp/crt0.o (memset)
/home/STM32/gcc-arm-none-eabi-9-2019-q4-major/bin/../lib/gcc/arm-none-eabi/9.2.1/../../../../arm-none-eabi/lib/thumb/v7-m/nofp/libnosys.a(_exit.o)
                              /home/STM32/gcc-arm-none-eabi-9-2019-q4-major/bin/../lib/gcc/arm-none-eabi/9.2.1/../../../../arm-none-eabi/lib/thumb/v7-m/nofp/libc_nano.a(lib_a-exit.o) (_exit)
/home/STM32/gcc-arm-none-eabi-9-2019-q4-major/bin/../lib/gcc/arm-none-eabi/9.2.1/../../../../arm-none-eabi/lib/thumb/v7-m/nofp/libc_nano.a(lib_a-itoa.o)
                              build/obj/../fmenu/fproperty.o (__itoa)
/home/STM32/gcc-arm-none-eabi-9-2019-q4-major/bin/../lib/gcc/arm-none-eabi/9.2.1/../../../../arm-none-eabi/lib/thumb/v7-m/nofp/libc_nano.a(lib_a-strcpy.o)
                              build/obj/../fmenu/fproperty.o (strcpy)
/home/STM32/gcc-arm-none-eabi-9-2019-q4-major/bin/../lib/gcc/arm-none-eabi/9.2.1/../../../../arm-none-eabi/lib/thumb/v7-m/nofp/libc_nano.a(lib_a-strlen.o)
                              build/obj/../fmenu/fmenu.o (strlen)
/home/STM32/gcc-arm-none-eabi-9-2019-q4-major/bin/../lib/gcc/arm-none-eabi/9.2.1/../../../../arm-none-eabi/lib/thumb/v7-m/nofp/libc_nano.a(lib_a-utoa.o)
                              /home/STM32/gcc-arm-none-eabi-9-2019-q4-major/bin/../lib/gcc/arm-none-eabi/9.2.1/../../../../arm-none-eabi/lib/thumb/v7-m/nofp/libc_nano.a(lib_a-itoa.o) (__utoa)

Allocating common symbols
Common symbol       size              file

menu_first          0x4               build/obj/../fmenu/fmenu.o

Discarded input sections

 .text          0x0000000000000000        0x0 /home/STM32/gcc-arm-none-eabi-9-2019-q4-major/bin/../lib/gcc/arm-none-eabi/9.2.1/thumb/v7-m/nofp/crti.o
 .data          0x0000000000000000        0x0 /home/STM32/gcc-arm-none-eabi-9-2019-q4-major/bin/../lib/gcc/arm-none-eabi/9.2.1/thumb/v7-m/nofp/crti.o
 .bss           0x0000000000000000        0x0 /home/STM32/gcc-arm-none-eabi-9-2019-q4-major/bin/../lib/gcc/arm-none-eabi/9.2.1/thumb/v7-m/nofp/crti.o
 .data          0x0000000000000000        0x4 /home/STM32/gcc-arm-none-eabi-9-2019-q4-major/bin/../lib/gcc/arm-none-eabi/9.2.1/thumb/v7-m/nofp/crtbegin.o
 .text          0x0000000000000000       0x74 /home/STM32/gcc-arm-none-eabi-9-2019-q4-major/bin/../lib/gcc/arm-none-eabi/9.2.1/../../../../arm-none-eabi/lib/thumb/v7-m/nofp/crt0.o
 .data          0x0000000000000000        0x0 /home/STM32/gcc-arm-none-eabi-9-2019-q4-major/bin/../lib/gcc/arm-none-eabi/9.2.1/../../../../arm-none-eabi/lib/thumb/v7-m/nofp/crt0.o
 .bss           0x0000000000000000        0x0 /home/STM32/gcc-arm-none-eabi-9-2019-q4-major/bin/../lib/gcc/arm-none-eabi/9.2.1/../../../../arm-none-eabi/lib/thumb/v7-m/nofp/crt0.o
 .ARM.extab     0x0000000000000000        0x0 /home/STM32/gcc-arm-none-eabi-9-2019-q4-major/bin/../lib/gcc/arm-none-eabi/9.2.1/../../../../arm-none-eabi/lib/thumb/v7-m/nofp/crt0.o
 .ARM.exidx     0x0000000000000000        0x8 /home/STM32/gcc-arm-none-eabi-9-2019-q4-major/bin/../lib/gcc/arm-none-eabi/9.2.1/../../../../arm-none-eabi/lib/thumb/v7-m/nofp/crt0.o
 .ARM.attributes
                0x0000000000000000       0x1b /home/STM32/gcc-arm-none-eabi-9-2019-q4-major/bin/../lib/gcc/arm-none-eabi/9.2.1/../../../../arm-none-eabi/lib/thumb/v7-m/nofp/crt0.o
 .text          0x0000000000000000        0x0 /home/STM32/gcc-arm-none-eabi-9-2019-q4-major/bin/../lib/gcc/arm-none-eabi/9.2.1/../../../../arm-none-eabi/lib/thumb/v7-m/nofp/libc_nano.a(lib_a-exit.o)
 .data          0x0000000000000000        0x0 /home/STM32/gcc-arm-none-eabi-9-2019-q4-major/bin/../lib/gcc/arm-none-eabi/9.2.1/../../../../arm-none-eabi/lib/thumb/v7-m/nofp/libc_nano.a(lib_a-exit.o)
 .bss           0x0000000000000000        0x0 /home/STM32/gcc-arm-none-eabi-9-2019-q4-major/bin/../lib/gcc/arm-none-eabi/9.2.1/../../../../arm-none-eabi/lib/thumb/v7-m/nofp/libc_nano.a(lib_a-exit.o)
 .text.exit     0x0000000000000000       0x28 /home/STM32/gcc-arm-none-eabi-9-2019-q4-major/bin/../lib/gcc/arm-none-eabi/9.2.1/../../../../arm-none-eabi/lib/thumb/v7-m/nofp/libc_nano.a(lib_a-exit.o)
 .debug_frame   0x0000000000000000       0x28 /home/STM32/gcc-arm-none-eabi-9-2019-q4-major/bin/../lib/gcc/arm-none-eabi/9.2.1/../../../../arm-none-eabi/lib/thumb/v7-m/nofp/libc_nano.a(lib_a-exit.o)
 .ARM.attributes
                0x0000000000000000       0x2d /home/STM32/gcc-arm-none-eabi-9-2019-q4-major/bin/../lib/gcc/arm-none-eabi/9.2.1/../../../../arm-none-eabi/lib/thumb/v7-m/nofp/libc_nano.a(lib_a-exit.o)
 .text          0x0000000000000000        0x0 /home/STM32/gcc-arm-none-eabi-9-2019-q4-major/bin/../lib/gcc/arm-none-eabi/9.2.1/../../../../arm-none-eabi/lib/thumb/v7-m/nofp/libc_nano.a(lib_a-impure.o)
 .data          0x0000000000000000        0x0 /home/STM32/gcc-arm-none-eabi-9-2019-q4-major/bin/../lib/gcc/arm-none-eabi/9.2.1/../../../../arm-none-eabi/lib/thumb/v7-m/nofp/libc_nano.a(lib_a-impure.o)
 .bss           0x0000000000000000        0x0 /home/STM32/gcc-arm-none-eabi-9-2019-q4-major/bin/../lib/gcc/arm-none-eabi/9.2.1/../../../../arm-none-eabi/lib/thumb/v7-m/nofp/libc_nano.a(lib_a-impure.o)
 .data._impure_ptr
                0x0000000000000000        0x4 /home/STM32/gcc-arm-none-eabi-9-2019-q4-major/bin/../lib/gcc/arm-none-eabi/9.2.1/../../../../arm-none-eabi/lib/thumb/v7-m/nofp/libc_nano.a(lib_a-impure.o)
 .data.impure_data
                0x0000000000000000       0x60 /home/STM32/gcc-arm-none-eabi-9-2019-q4-major/bin/../lib/gcc/arm-none-eabi/9.2.1/../../../../arm-none-eabi/lib/thumb/v7-m/nofp/libc_nano.a(lib_a-impure.o)
 .rodata._global_impure_ptr
                0x0000000000000000        0x4 /home/STM32/gcc-arm-none-eabi-9-2019-q4-major/bin/../lib/gcc/arm-none-eabi/9.2.1/../../../../arm-none-eabi/lib/thumb/v7-m/nofp/libc_nano.a(lib_a-impure.o)
 .ARM.attributes
                0x0000000000000000       0x2d /home/STM32/gcc-arm-none-eabi-9-2019-q4-major/bin/../lib/gcc/arm-none-eabi/9.2.1/../../../../arm-none-eabi/lib/thumb/v7-m/nofp/libc_nano.a(lib_a-impure.o)
 .text          0x0000000000000000        0x0 /home/STM32/gcc-arm-none-eabi-9-2019-q4-major/bin/../lib/gcc/arm-none-eabi/9.2.1/../../../../arm-none-eabi/lib/thumb/v7-m/nofp/libc_nano.a(lib_a-init.o)
 .data          0x0000000000000000        0x0 /home/STM32/gcc-arm-none-eabi-9-2019-q4-major/bin/../lib/gcc/arm-none-eabi/9.2.1/../../../../arm-none-eabi/lib/thumb/v7-m/nofp/libc_nano.a(lib_a-init.o)
 .bss           0x0000000000000000        0x0 /home/STM32/gcc-arm-none-eabi-9-2019-q4-major/bin/../lib/gcc/arm-none-eabi/9.2.1/../../../../arm-none-eabi/lib/thumb/v7-m/nofp/libc_nano.a(lib_a-init.o)
 .text          0x0000000000000000        0x0 /home/STM32/gcc-arm-none-eabi-9-2019-q4-major/bin/../lib/gcc/arm-none-eabi/9.2.1/../../../../arm-none-eabi/lib/thumb/v7-m/nofp/libc_nano.a(lib_a-memset.o)
 .data          0x0000000000000000        0x0 /home/STM32/gcc-arm-none-eabi-9-2019-q4-major/bin/../lib/gcc/arm-none-eabi/9.2.1/../../../../arm-none-eabi/lib/thumb/v7-m/nofp/libc_nano.a(lib_a-memset.o)
 .bss           0x0000000000000000        0x0 /home/STM32/gcc-arm-none-eabi-9-2019-q4-major/bin/../lib/gcc/arm-none-eabi/9.2.1/../../../../arm-none-eabi/lib/thumb/v7-m/nofp/libc_nano.a(lib_a-memset.o)
 .text.memset   0x0000000000000000       0x10 /home/STM32/gcc-arm-none-eabi-9-2019-q4-major/bin/../lib/gcc/arm-none-eabi/9.2.1/../../../../arm-none-eabi/lib/thumb/v7-m/nofp/libc_nano.a(lib_a-memset.o)
 .debug_frame   0x0000000000000000       0x20 /home/STM32/gcc-arm-none-eabi-9-2019-q4-major/bin/../lib/gcc/arm-none-eabi/9.2.1/../../../../arm-none-eabi/lib/thumb/v7-m/nofp/libc_nano.a(lib_a-memset.o)
 .ARM.attributes
                0x0000000000000000       0x2d /home/STM32/gcc-arm-none-eabi-9-2019-q4-major/bin/../lib/gcc/arm-none-eabi/9.2.1/../../../../arm-none-eabi/lib/thumb/v7-m/nofp/libc_nano.a(lib_a-memset.o)
 .text          0x0000000000000000        0x0 /home/STM32/gcc-arm-none-eabi-9-2019-q4-major/bin/../lib/gcc/arm-none-eabi/9.2.1/../../../../arm-none-eabi/lib/thumb/v7-m/nofp/libnosys.a(_exit.o)
 .data          0x0000000000000000        0x0 /home/STM32/gcc-arm-none-eabi-9-2019-q4-major/bin/../lib/gcc/arm-none-eabi/9.2.1/../../../../arm-none-eabi/lib/thumb/v7-m/nofp/libnosys.a(_exit.o)
 .bss           0x0000000000000000        0x0 /home/STM32/gcc-arm-none-eabi-9-2019-q4-major/bin/../lib/gcc/arm-none-eabi/9.2.1/../../../../arm-none-eabi/lib/thumb/v7-m/nofp/libnosys.a(_exit.o)
 .text._exit    0x0000000000000000        0x4 /home/STM32/gcc-arm-none-eabi-9-2019-q4-major/bin/../lib/gcc/arm-none-eabi/9.2.1/../../../../arm-none-eabi/lib/thumb/v7-m/nofp/libnosys.a(_exit.o)
 .debug_frame   0x0000000000000000       0x20 /home/STM32/gcc-arm-none-eabi-9-2019-q4-major/bin/../lib/gcc/arm-none-eabi/9.2.1/../../../../arm-none-eabi/lib/thumb/v7-m/nofp/libnosys.a(_exit.o)
 .ARM.attributes
                0x0000000000000000       0x2d /home/STM32/gcc-arm-none-eabi-9-2019-q4-major/bin/../lib/gcc/arm-none-eabi/9.2.1/../../../../arm-none-eabi/lib/thumb/v7-m/nofp/libnosys.a(_exit.o)
 .text          0x0000000000000000       0x14 build/obj/system/startup_stm32f103xb.o
 .data          0x0000000000000000        0x0 build/obj/system/startup_stm32f103xb.o
 .bss           0x0000000000000000        0x0 build/obj/system/startup_stm32f103xb.o
 .text          0x0000000000000000        0x0 build/obj/main.o
 .data          0x0000000000000000        0x0 build/obj/main.o
 .bss           0x0000000000000000        0x0 build/obj/main.o
 .text          0x0000000000000000        0x0 build/obj/../fmenu/fmenu.o
 .data          0x0000000000000000        0x0 build/obj/../fmenu/fmenu.o
 .bss           0x0000000000000000        0x0 build/obj/../fmenu/fmenu.o
 .text.notify_prop
                0x0000000000000000       0x14 build/obj/../fmenu/fmenu.o
 .text.get_item_text
                0x0000000000000000       0x74 build/obj/../fmenu/fmenu.o
 .text.store_menu_properties
                0x0000000000000000       0x30 build/obj/../fmenu/fmenu.o
 .text.load_menu_properties
                0x0000000000000000       0x34 build/obj/../fmenu/fmenu.o
 .text.init_menu
                0x0000000000000000       0x28 build/obj/../fmenu/fmenu.o
 .text.do_menu  0x0000000000000000       0xb0 build/obj/../fmenu/fmenu.o
 .data.menu_current
                0x0000000000000000        0x4 build/obj/../fmenu/fmenu.o
 .rodata.NONE   0x0000000000000000       0x18 build/obj/../fmenu/fmenu.o
 .debug_info    0x0000000000000000      0xf7d build/obj/../fmenu/fmenu.o
 .debug_abbrev  0x0000000000000000      0x343 build/obj/../fmenu/fmenu.o
 .debug_loc     0x0000000000000000      0x35a build/obj/../fmenu/fmenu.o
 .debug_aranges
                0x0000000000000000       0x48 build/obj/../fmenu/fmenu.o
 .debug_ranges  0x0000000000000000       0x50 build/obj/../fmenu/fmenu.o
 .debug_line    0x0000000000000000      0x41f build/obj/../fmenu/fmenu.o
 .debug_str     0x0000000000000000      0x790 build/obj/../fmenu/fmenu.o
 .comment       0x0000000000000000       0x7a build/obj/../fmenu/fmenu.o
 .debug_frame   0x0000000000000000       0xac build/obj/../fmenu/fmenu.o
 .ARM.attributes
                0x0000000000000000       0x2d build/obj/../fmenu/fmenu.o
 COMMON         0x0000000000000000        0x4 build/obj/../fmenu/fmenu.o
 .text          0x0000000000000000        0x0 build/obj/../fmenu/fproperty.o
 .data          0x0000000000000000        0x0 build/obj/../fmenu/fproperty.o
 .bss           0x0000000000000000        0x0 build/obj/../fmenu/fproperty.o
 .text.property_as_text
                0x0000000000000000       0x70 build/obj/../fmenu/fproperty.o
 .text.property_edit
                0x0000000000000000       0x96 build/obj/../fmenu/fproperty.o
 .text.store_property
                0x0000000000000000       0x26 build/obj/../fmenu/fproperty.o
 .text.load_property
                0x0000000000000000       0x96 build/obj/../fmenu/fproperty.o
 .bss.tmpstr    0x0000000000000000       0x11 build/obj/../fmenu/fproperty.o
 .debug_info    0x0000000000000000     0x12db build/obj/../fmenu/fproperty.o
 .debug_abbrev  0x0000000000000000      0x363 build/obj/../fmenu/fproperty.o
 .debug_loc     0x0000000000000000      0x689 build/obj/../fmenu/fproperty.o
 .debug_aranges
                0x0000000000000000       0x38 build/obj/../fmenu/fproperty.o
 .debug_ranges  0x0000000000000000       0xa0 build/obj/../fmenu/fproperty.o
 .debug_line    0x0000000000000000      0x479 build/obj/../fmenu/fproperty.o
 .debug_str     0x0000000000000000      0x708 build/obj/../fmenu/fproperty.o
 .comment       0x0000000000000000       0x7a build/obj/../fmenu/fproperty.o
 .debug_frame   0x0000000000000000       0x68 build/obj/../fmenu/fproperty.o
 .ARM.attributes
                0x0000000000000000       0x2d build/obj/../fmenu/fproperty.o
 .text          0x0000000000000000        0x0 build/obj/drivers/STM32F1xx_HAL_Driver/Src/stm32f1xx_ll_gpio.o
 .data          0x0000000000000000        0x0 build/obj/drivers/STM32F1xx_HAL_Driver/Src/stm32f1xx_ll_gpio.o
 .bss           0x0000000000000000        0x0 build/obj/drivers/STM32F1xx_HAL_Driver/Src/stm32f1xx_ll_gpio.o
 .text.LL_GPIO_DeInit
                0x0000000000000000       0xa0 build/obj/drivers/STM32F1xx_HAL_Driver/Src/stm32f1xx_ll_gpio.o
 .text.LL_GPIO_Init
                0x0000000000000000      0x102 build/obj/drivers/STM32F1xx_HAL_Driver/Src/stm32f1xx_ll_gpio.o
 .text.LL_GPIO_StructInit
                0x0000000000000000       0x16 build/obj/drivers/STM32F1xx_HAL_Driver/Src/stm32f1xx_ll_gpio.o
 .debug_info    0x0000000000000000      0x966 build/obj/drivers/STM32F1xx_HAL_Driver/Src/stm32f1xx_ll_gpio.o
 .debug_abbrev  0x0000000000000000      0x293 build/obj/drivers/STM32F1xx_HAL_Driver/Src/stm32f1xx_ll_gpio.o
 .debug_loc     0x0000000000000000      0x746 build/obj/drivers/STM32F1xx_HAL_Driver/Src/stm32f1xx_ll_gpio.o
 .debug_aranges
                0x0000000000000000       0x30 build/obj/drivers/STM32F1xx_HAL_Driver/Src/stm32f1xx_ll_gpio.o
 .debug_ranges  0x0000000000000000       0x80 build/obj/drivers/STM32F1xx_HAL_Driver/Src/stm32f1xx_ll_gpio.o
 .debug_line    0x0000000000000000      0x4d1 build/obj/drivers/STM32F1xx_HAL_Driver/Src/stm32f1xx_ll_gpio.o
 .debug_str     0x0000000000000000      0x3aa build/obj/drivers/STM32F1xx_HAL_Driver/Src/stm32f1xx_ll_gpio.o
 .comment       0x0000000000000000       0x7a build/obj/drivers/STM32F1xx_HAL_Driver/Src/stm32f1xx_ll_gpio.o
 .debug_frame   0x0000000000000000       0x58 build/obj/drivers/STM32F1xx_HAL_Driver/Src/stm32f1xx_ll_gpio.o
 .ARM.attributes
                0x0000000000000000       0x2d build/obj/drivers/STM32F1xx_HAL_Driver/Src/stm32f1xx_ll_gpio.o
 .text          0x0000000000000000        0x0 build/obj/drivers/STM32F1xx_HAL_Driver/Src/stm32f1xx_ll_rcc.o
 .data          0x0000000000000000        0x0 build/obj/drivers/STM32F1xx_HAL_Driver/Src/stm32f1xx_ll_rcc.o
 .bss           0x0000000000000000        0x0 build/obj/drivers/STM32F1xx_HAL_Driver/Src/stm32f1xx_ll_rcc.o
 .text.LL_RCC_DeInit
                0x0000000000000000       0x58 build/obj/drivers/STM32F1xx_HAL_Driver/Src/stm32f1xx_ll_rcc.o
 .text.RCC_GetHCLKClockFreq
                0x0000000000000000       0x18 build/obj/drivers/STM32F1xx_HAL_Driver/Src/stm32f1xx_ll_rcc.o
 .text.RCC_GetPCLK1ClockFreq
                0x0000000000000000       0x18 build/obj/drivers/STM32F1xx_HAL_Driver/Src/stm32f1xx_ll_rcc.o
 .text.RCC_GetPCLK2ClockFreq
                0x0000000000000000       0x18 build/obj/drivers/STM32F1xx_HAL_Driver/Src/stm32f1xx_ll_rcc.o
 .text.RCC_PLL_GetFreqDomain_SYS
                0x0000000000000000       0x34 build/obj/drivers/STM32F1xx_HAL_Driver/Src/stm32f1xx_ll_rcc.o
 .text.LL_RCC_GetUSBClockFreq
                0x0000000000000000       0x34 build/obj/drivers/STM32F1xx_HAL_Driver/Src/stm32f1xx_ll_rcc.o
 .text.RCC_GetSystemClockFreq
                0x0000000000000000       0x1c build/obj/drivers/STM32F1xx_HAL_Driver/Src/stm32f1xx_ll_rcc.o
 .text.LL_RCC_GetSystemClocksFreq
                0x0000000000000000       0x20 build/obj/drivers/STM32F1xx_HAL_Driver/Src/stm32f1xx_ll_rcc.o
 .text.LL_RCC_GetADCClockFreq
                0x0000000000000000       0x30 build/obj/drivers/STM32F1xx_HAL_Driver/Src/stm32f1xx_ll_rcc.o
 .debug_info    0x0000000000000000      0x7d1 build/obj/drivers/STM32F1xx_HAL_Driver/Src/stm32f1xx_ll_rcc.o
 .debug_abbrev  0x0000000000000000      0x334 build/obj/drivers/STM32F1xx_HAL_Driver/Src/stm32f1xx_ll_rcc.o
 .debug_loc     0x0000000000000000      0x2ec build/obj/drivers/STM32F1xx_HAL_Driver/Src/stm32f1xx_ll_rcc.o
 .debug_aranges
                0x0000000000000000       0x60 build/obj/drivers/STM32F1xx_HAL_Driver/Src/stm32f1xx_ll_rcc.o
 .debug_ranges  0x0000000000000000      0x118 build/obj/drivers/STM32F1xx_HAL_Driver/Src/stm32f1xx_ll_rcc.o
 .debug_line    0x0000000000000000      0x593 build/obj/drivers/STM32F1xx_HAL_Driver/Src/stm32f1xx_ll_rcc.o
 .debug_str     0x0000000000000000      0x568 build/obj/drivers/STM32F1xx_HAL_Driver/Src/stm32f1xx_ll_rcc.o
 .comment       0x0000000000000000       0x7a build/obj/drivers/STM32F1xx_HAL_Driver/Src/stm32f1xx_ll_rcc.o
 .debug_frame   0x0000000000000000       0xc0 build/obj/drivers/STM32F1xx_HAL_Driver/Src/stm32f1xx_ll_rcc.o
 .ARM.attributes
                0x0000000000000000       0x2d build/obj/drivers/STM32F1xx_HAL_Driver/Src/stm32f1xx_ll_rcc.o
 .text          0x0000000000000000        0x0 build/obj/drivers/STM32F1xx_HAL_Driver/Src/stm32f1xx_ll_usart.o
 .data          0x0000000000000000        0x0 build/obj/drivers/STM32F1xx_HAL_Driver/Src/stm32f1xx_ll_usart.o
 .bss           0x0000000000000000        0x0 build/obj/drivers/STM32F1xx_HAL_Driver/Src/stm32f1xx_ll_usart.o
 .text.LL_USART_DeInit
                0x0000000000000000       0x64 build/obj/drivers/STM32F1xx_HAL_Driver/Src/stm32f1xx_ll_usart.o
 .text.LL_USART_Init
                0x0000000000000000       0xa4 build/obj/drivers/STM32F1xx_HAL_Driver/Src/stm32f1xx_ll_usart.o
 .text.LL_USART_StructInit
                0x0000000000000000       0x16 build/obj/drivers/STM32F1xx_HAL_Driver/Src/stm32f1xx_ll_usart.o
 .text.LL_USART_ClockInit
                0x0000000000000000       0x3a build/obj/drivers/STM32F1xx_HAL_Driver/Src/stm32f1xx_ll_usart.o
 .text.LL_USART_ClockStructInit
                0x0000000000000000        0xc build/obj/drivers/STM32F1xx_HAL_Driver/Src/stm32f1xx_ll_usart.o
 .debug_info    0x0000000000000000      0x873 build/obj/drivers/STM32F1xx_HAL_Driver/Src/stm32f1xx_ll_usart.o
 .debug_abbrev  0x0000000000000000      0x2e2 build/obj/drivers/STM32F1xx_HAL_Driver/Src/stm32f1xx_ll_usart.o
 .debug_loc     0x0000000000000000      0x3fc build/obj/drivers/STM32F1xx_HAL_Driver/Src/stm32f1xx_ll_usart.o
 .debug_aranges
                0x0000000000000000       0x40 build/obj/drivers/STM32F1xx_HAL_Driver/Src/stm32f1xx_ll_usart.o
 .debug_ranges  0x0000000000000000       0xa8 build/obj/drivers/STM32F1xx_HAL_Driver/Src/stm32f1xx_ll_usart.o
 .debug_line    0x0000000000000000      0x453 build/obj/drivers/STM32F1xx_HAL_Driver/Src/stm32f1xx_ll_usart.o
 .debug_str     0x0000000000000000      0x534 build/obj/drivers/STM32F1xx_HAL_Driver/Src/stm32f1xx_ll_usart.o
 .comment       0x0000000000000000       0x7a build/obj/drivers/STM32F1xx_HAL_Driver/Src/stm32f1xx_ll_usart.o
 .debug_frame   0x0000000000000000       0x80 build/obj/drivers/STM32F1xx_HAL_Driver/Src/stm32f1xx_ll_usart.o
 .ARM.attributes
                0x0000000000000000       0x2d build/obj/drivers/STM32F1xx_HAL_Driver/Src/stm32f1xx_ll_usart.o
 .text          0x0000000000000000        0x0 build/obj/drivers/STM32F1xx_HAL_Driver/Src/stm32f1xx_ll_utils.o
 .data          0x0000000000000000        0x0 build/obj/drivers/STM32F1xx_HAL_Driver/Src/stm32f1xx_ll_utils.o
 .bss           0x0000000000000000        0x0 build/obj/drivers/STM32F1xx_HAL_Driver/Src/stm32f1xx_ll_utils.o
 .text.UTILS_SetFlashLatency.part.0
                0x0000000000000000       0x3c build/obj/drivers/STM32F1xx_HAL_Driver/Src/stm32f1xx_ll_utils.o
 .text.UTILS_EnablePLLAndSwitchSystem
                0x0000000000000000       0xa8 build/obj/drivers/STM32F1xx_HAL_Driver/Src/stm32f1xx_ll_utils.o
 .text.LL_mDelay
                0x0000000000000000       0x28 build/obj/drivers/STM32F1xx_HAL_Driver/Src/stm32f1xx_ll_utils.o
 .text.LL_PLL_ConfigSystemClock_HSI
                0x0000000000000000       0x48 build/obj/drivers/STM32F1xx_HAL_Driver/Src/stm32f1xx_ll_utils.o
 .text.LL_PLL_ConfigSystemClock_HSE
                0x0000000000000000       0x68 build/obj/drivers/STM32F1xx_HAL_Driver/Src/stm32f1xx_ll_utils.o
 .text          0x0000000000000000        0x0 build/obj/system/system_stm32f1xx.o
 .data          0x0000000000000000        0x0 build/obj/system/system_stm32f1xx.o
 .bss           0x0000000000000000        0x0 build/obj/system/system_stm32f1xx.o
 .text.SystemCoreClockUpdate
                0x0000000000000000       0x58 build/obj/system/system_stm32f1xx.o
 .rodata.AHBPrescTable
                0x0000000000000000       0x10 build/obj/system/system_stm32f1xx.o
 .rodata.APBPrescTable
                0x0000000000000000        0x8 build/obj/system/system_stm32f1xx.o
 .text          0x0000000000000000        0x0 /home/STM32/gcc-arm-none-eabi-9-2019-q4-major/bin/../lib/gcc/arm-none-eabi/9.2.1/../../../../arm-none-eabi/lib/thumb/v7-m/nofp/libc_nano.a(lib_a-itoa.o)
 .data          0x0000000000000000        0x0 /home/STM32/gcc-arm-none-eabi-9-2019-q4-major/bin/../lib/gcc/arm-none-eabi/9.2.1/../../../../arm-none-eabi/lib/thumb/v7-m/nofp/libc_nano.a(lib_a-itoa.o)
 .bss           0x0000000000000000        0x0 /home/STM32/gcc-arm-none-eabi-9-2019-q4-major/bin/../lib/gcc/arm-none-eabi/9.2.1/../../../../arm-none-eabi/lib/thumb/v7-m/nofp/libc_nano.a(lib_a-itoa.o)
 .text.__itoa   0x0000000000000000       0x30 /home/STM32/gcc-arm-none-eabi-9-2019-q4-major/bin/../lib/gcc/arm-none-eabi/9.2.1/../../../../arm-none-eabi/lib/thumb/v7-m/nofp/libc_nano.a(lib_a-itoa.o)
 .text.itoa     0x0000000000000000        0x4 /home/STM32/gcc-arm-none-eabi-9-2019-q4-major/bin/../lib/gcc/arm-none-eabi/9.2.1/../../../../arm-none-eabi/lib/thumb/v7-m/nofp/libc_nano.a(lib_a-itoa.o)
 .debug_frame   0x0000000000000000       0x38 /home/STM32/gcc-arm-none-eabi-9-2019-q4-major/bin/../lib/gcc/arm-none-eabi/9.2.1/../../../../arm-none-eabi/lib/thumb/v7-m/nofp/libc_nano.a(lib_a-itoa.o)
 .ARM.attributes
                0x0000000000000000       0x2d /home/STM32/gcc-arm-none-eabi-9-2019-q4-major/bin/../lib/gcc/arm-none-eabi/9.2.1/../../../../arm-none-eabi/lib/thumb/v7-m/nofp/libc_nano.a(lib_a-itoa.o)
 .text          0x0000000000000000        0x0 /home/STM32/gcc-arm-none-eabi-9-2019-q4-major/bin/../lib/gcc/arm-none-eabi/9.2.1/../../../../arm-none-eabi/lib/thumb/v7-m/nofp/libc_nano.a(lib_a-strcpy.o)
 .data          0x0000000000000000        0x0 /home/STM32/gcc-arm-none-eabi-9-2019-q4-major/bin/../lib/gcc/arm-none-eabi/9.2.1/../../../../arm-none-eabi/lib/thumb/v7-m/nofp/libc_nano.a(lib_a-strcpy.o)
 .bss           0x0000000000000000        0x0 /home/STM32/gcc-arm-none-eabi-9-2019-q4-major/bin/../lib/gcc/arm-none-eabi/9.2.1/../../../../arm-none-eabi/lib/thumb/v7-m/nofp/libc_nano.a(lib_a-strcpy.o)
 .text.strcpy   0x0000000000000000       0x10 /home/STM32/gcc-arm-none-eabi-9-2019-q4-major/bin/../lib/gcc/arm-none-eabi/9.2.1/../../../../arm-none-eabi/lib/thumb/v7-m/nofp/libc_nano.a(lib_a-strcpy.o)
 .debug_frame   0x0000000000000000       0x20 /home/STM32/gcc-arm-none-eabi-9-2019-q4-major/bin/../lib/gcc/arm-none-eabi/9.2.1/../../../../arm-none-eabi/lib/thumb/v7-m/nofp/libc_nano.a(lib_a-strcpy.o)
 .ARM.attributes
                0x0000000000000000       0x2d /home/STM32/gcc-arm-none-eabi-9-2019-q4-major/bin/../lib/gcc/arm-none-eabi/9.2.1/../../../../arm-none-eabi/lib/thumb/v7-m/nofp/libc_nano.a(lib_a-strcpy.o)
 .text          0x0000000000000000       0x10 /home/STM32/gcc-arm-none-eabi-9-2019-q4-major/bin/../lib/gcc/arm-none-eabi/9.2.1/../../../../arm-none-eabi/lib/thumb/v7-m/nofp/libc_nano.a(lib_a-strlen.o)
 .data          0x0000000000000000        0x0 /home/STM32/gcc-arm-none-eabi-9-2019-q4-major/bin/../lib/gcc/arm-none-eabi/9.2.1/../../../../arm-none-eabi/lib/thumb/v7-m/nofp/libc_nano.a(lib_a-strlen.o)
 .bss           0x0000000000000000        0x0 /home/STM32/gcc-arm-none-eabi-9-2019-q4-major/bin/../lib/gcc/arm-none-eabi/9.2.1/../../../../arm-none-eabi/lib/thumb/v7-m/nofp/libc_nano.a(lib_a-strlen.o)
 .ARM.attributes
                0x0000000000000000       0x17 /home/STM32/gcc-arm-none-eabi-9-2019-q4-major/bin/../lib/gcc/arm-none-eabi/9.2.1/../../../../arm-none-eabi/lib/thumb/v7-m/nofp/libc_nano.a(lib_a-strlen.o)
 .text          0x0000000000000000        0x0 /home/STM32/gcc-arm-none-eabi-9-2019-q4-major/bin/../lib/gcc/arm-none-eabi/9.2.1/../../../../arm-none-eabi/lib/thumb/v7-m/nofp/libc_nano.a(lib_a-utoa.o)
 .data          0x0000000000000000        0x0 /home/STM32/gcc-arm-none-eabi-9-2019-q4-major/bin/../lib/gcc/arm-none-eabi/9.2.1/../../../../arm-none-eabi/lib/thumb/v7-m/nofp/libc_nano.a(lib_a-utoa.o)
 .bss           0x0000000000000000        0x0 /home/STM32/gcc-arm-none-eabi-9-2019-q4-major/bin/../lib/gcc/arm-none-eabi/9.2.1/../../../../arm-none-eabi/lib/thumb/v7-m/nofp/libc_nano.a(lib_a-utoa.o)
 .rodata.__utoa.str1.1
                0x0000000000000000       0x25 /home/STM32/gcc-arm-none-eabi-9-2019-q4-major/bin/../lib/gcc/arm-none-eabi/9.2.1/../../../../arm-none-eabi/lib/thumb/v7-m/nofp/libc_nano.a(lib_a-utoa.o)
 .text.__utoa   0x0000000000000000       0x84 /home/STM32/gcc-arm-none-eabi-9-2019-q4-major/bin/../lib/gcc/arm-none-eabi/9.2.1/../../../../arm-none-eabi/lib/thumb/v7-m/nofp/libc_nano.a(lib_a-utoa.o)
 .text.utoa     0x0000000000000000        0x4 /home/STM32/gcc-arm-none-eabi-9-2019-q4-major/bin/../lib/gcc/arm-none-eabi/9.2.1/../../../../arm-none-eabi/lib/thumb/v7-m/nofp/libc_nano.a(lib_a-utoa.o)
 .debug_frame   0x0000000000000000       0x48 /home/STM32/gcc-arm-none-eabi-9-2019-q4-major/bin/../lib/gcc/arm-none-eabi/9.2.1/../../../../arm-none-eabi/lib/thumb/v7-m/nofp/libc_nano.a(lib_a-utoa.o)
 .ARM.attributes
                0x0000000000000000       0x2d /home/STM32/gcc-arm-none-eabi-9-2019-q4-major/bin/../lib/gcc/arm-none-eabi/9.2.1/../../../../arm-none-eabi/lib/thumb/v7-m/nofp/libc_nano.a(lib_a-utoa.o)
 .text          0x0000000000000000        0x0 /home/STM32/gcc-arm-none-eabi-9-2019-q4-major/bin/../lib/gcc/arm-none-eabi/9.2.1/thumb/v7-m/nofp/crtend.o
 .data          0x0000000000000000        0x0 /home/STM32/gcc-arm-none-eabi-9-2019-q4-major/bin/../lib/gcc/arm-none-eabi/9.2.1/thumb/v7-m/nofp/crtend.o
 .bss           0x0000000000000000        0x0 /home/STM32/gcc-arm-none-eabi-9-2019-q4-major/bin/../lib/gcc/arm-none-eabi/9.2.1/thumb/v7-m/nofp/crtend.o
 .eh_frame      0x0000000000000000        0x4 /home/STM32/gcc-arm-none-eabi-9-2019-q4-major/bin/../lib/gcc/arm-none-eabi/9.2.1/thumb/v7-m/nofp/crtend.o
 .ARM.attributes
                0x0000000000000000       0x2d /home/STM32/gcc-arm-none-eabi-9-2019-q4-major/bin/../lib/gcc/arm-none-eabi/9.2.1/thumb/v7-m/nofp/crtend.o
 .text          0x0000000000000000        0x0 /home/STM32/gcc-arm-none-eabi-9-2019-q4-major/bin/../lib/gcc/arm-none-eabi/9.2.1/thumb/v7-m/nofp/crtn.o
 .data          0x0000000000000000        0x0 /home/STM32/gcc-arm-none-eabi-9-2019-q4-major/bin/../lib/gcc/arm-none-eabi/9.2.1/thumb/v7-m/nofp/crtn.o
 .bss           0x0000000000000000        0x0 /home/STM32/gcc-arm-none-eabi-9-2019-q4-major/bin/../lib/gcc/arm-none-eabi/9.2.1/thumb/v7-m/nofp/crtn.o

Memory Configuration

Name             Origin             Length             Attributes
RAM              0x0000000020000000 0x0000000000005000 xrw
FLASH            0x0000000008000000 0x0000000000020000 xr
*default*        0x0000000000000000 0xffffffffffffffff

Linker script and memory map

LOAD /home/STM32/gcc-arm-none-eabi-9-2019-q4-major/bin/../lib/gcc/arm-none-eabi/9.2.1/thumb/v7-m/nofp/crti.o
LOAD /home/STM32/gcc-arm-none-eabi-9-2019-q4-major/bin/../lib/gcc/arm-none-eabi/9.2.1/thumb/v7-m/nofp/crtbegin.o
LOAD /home/STM32/gcc-arm-none-eabi-9-2019-q4-major/bin/../lib/gcc/arm-none-eabi/9.2.1/../../../../arm-none-eabi/lib/thumb/v7-m/nofp/crt0.o
LOAD /home/STM32/gcc-arm-none-eabi-9-2019-q4-major/bin/../lib/gcc/arm-none-eabi/9.2.1/../../../../arm-none-eabi/lib/thumb/v7-m/nofp/libc_nano.a
LOAD /home/STM32/gcc-arm-none-eabi-9-2019-q4-major/bin/../lib/gcc/arm-none-eabi/9.2.1/../../../../arm-none-eabi/lib/thumb/v7-m/nofp/libm.a
LOAD /home/STM32/gcc-arm-none-eabi-9-2019-q4-major/bin/../lib/gcc/arm-none-eabi/9.2.1/../../../../arm-none-eabi/lib/thumb/v7-m/nofp/libnosys.a
LOAD build/obj/system/startup_stm32f103xb.o
LOAD build/obj/main.o
LOAD build/obj/../fmenu/fmenu.o
LOAD build/obj/../fmenu/fproperty.o
LOAD build/obj/drivers/STM32F1xx_HAL_Driver/Src/stm32f1xx_ll_gpio.o
LOAD build/obj/drivers/STM32F1xx_HAL_Driver/Src/stm32f1xx_ll_rcc.o
LOAD build/obj/drivers/STM32F1xx_HAL_Driver/Src/stm32f1xx_ll_usart.o
LOAD build/obj/drivers/STM32F1xx_HAL_Driver/Src/stm32f1xx_ll_utils.o
LOAD build/obj/system/system_stm32f1xx.o
START GROUP
LOAD /home/STM32/gcc-arm-none-eabi-9-2019-q4-major/bin/../lib/gcc/arm-none-eabi/9.2.1/thumb/v7-m/nofp/libgcc.a
LOAD /home/STM32/gcc-arm-none-eabi-9-2019-q4-major/bin/../lib/gcc/arm-none-eabi/9.2.1/../../../../arm-none-eabi/lib/thumb/v7-m/nofp/libc_nano.a
END GROUP
START GROUP
LOAD /home/STM32/gcc-arm-none-eabi-9-2019-q4-major/bin/../lib/gcc/arm-none-eabi/9.2.1/thumb/v7-m/nofp/libgcc.a
LOAD /home/STM32/gcc-arm-none-eabi-9-2019-q4-major/bin/../lib/gcc/arm-none-eabi/9.2.1/../../../../arm-none-eabi/lib/thumb/v7-m/nofp/libc_nano.a
LOAD /home/STM32/gcc-arm-none-eabi-9-2019-q4-major/bin/../lib/gcc/arm-none-eabi/9.2.1/../../../../arm-none-eabi/lib/thumb/v7-m/nofp/libnosys.a
END GROUP
START GROUP
LOAD /home/STM32/gcc-arm-none-eabi-9-2019-q4-major/bin/../lib/gcc/arm-none-eabi/9.2.1/thumb/v7-m/nofp/libgcc.a
LOAD /home/STM32/gcc-arm-none-eabi-9-2019-q4-major/bin/../lib/gcc/arm-none-eabi/9.2.1/../../../../arm-none-eabi/lib/thumb/v7-m/nofp/libc_nano.a
LOAD /home/STM32/gcc-arm-none-eabi-9-2019-q4-major/bin/../lib/gcc/arm-none-eabi/9.2.1/../../../../arm-none-eabi/lib/thumb/v7-m/nofp/libnosys.a
END GROUP
LOAD /home/STM32/gcc-arm-none-eabi-9-2019-q4-major/bin/../lib/gcc/arm-none-eabi/9.2.1/thumb/v7-m/nofp/crtend.o
LOAD /home/STM32/gcc-arm-none-eabi-9-2019-q4-major/bin/../lib/gcc/arm-none-eabi/9.2.1/thumb/v7-m/nofp/crtn.o
                0x0000000020005000                _estack = 0x20005000
                0x0000000000000200                _Min_Heap_Size = 0x200
                0x0000000000000400                _Min_Stack_Size = 0x400

.isr_vector     0x0000000008000000      0x10c
                0x0000000008000000                . = ALIGN (0x4)
 *(.isr_vector)
 .isr_vector    0x0000000008000000      0x10c build/obj/system/startup_stm32f103xb.o
                0x0000000008000000                g_pfnVectors
                0x000000000800010c                . = ALIGN (0x4)

.text           0x000000000800010c      0x274
                0x000000000800010c                . = ALIGN (0x4)
 *(.text)
 .text          0x000000000800010c       0x40 /home/STM32/gcc-arm-none-eabi-9-2019-q4-major/bin/../lib/gcc/arm-none-eabi/9.2.1/thumb/v7-m/nofp/crtbegin.o
 *(.text*)
 .text.__libc_init_array
                0x000000000800014c       0x48 /home/STM32/gcc-arm-none-eabi-9-2019-q4-major/bin/../lib/gcc/arm-none-eabi/9.2.1/../../../../arm-none-eabi/lib/thumb/v7-m/nofp/libc_nano.a(lib_a-init.o)
                0x000000000800014c                __libc_init_array
 .text.Reset_Handler
                0x0000000008000194       0x48 build/obj/system/startup_stm32f103xb.o
                0x0000000008000194                Reset_Handler
 .text.Default_Handler
                0x00000000080001dc        0x2 build/obj/system/startup_stm32f103xb.o
                0x00000000080001dc                RTC_Alarm_IRQHandler
                0x00000000080001dc                EXTI2_IRQHandler
                0x00000000080001dc                DebugMon_Handler
                0x00000000080001dc                TIM1_CC_IRQHandler
                0x00000000080001dc                HardFault_Handler
                0x00000000080001dc                SysTick_Handler
                0x00000000080001dc                PVD_IRQHandler
                0x00000000080001dc                PendSV_Handler
                0x00000000080001dc                NMI_Handler
                0x00000000080001dc                EXTI3_IRQHandler
                0x00000000080001dc                EXTI0_IRQHandler
                0x00000000080001dc                I2C2_EV_IRQHandler
                0x00000000080001dc                UsageFault_Handler
                0x00000000080001dc                ADC1_2_IRQHandler
                0x00000000080001dc                SPI1_IRQHandler
                0x00000000080001dc                TAMPER_IRQHandler
                0x00000000080001dc                DMA1_Channel4_IRQHandler
                0x00000000080001dc                USART3_IRQHandler
                0x00000000080001dc                RTC_IRQHandler
                0x00000000080001dc                DMA1_Channel7_IRQHandler
                0x00000000080001dc                CAN1_RX1_IRQHandler
                0x00000000080001dc                TIM4_IRQHandler
                0x00000000080001dc                I2C1_EV_IRQHandler
                0x00000000080001dc                DMA1_Channel6_IRQHandler
                0x00000000080001dc                TIM3_IRQHandler
                0x00000000080001dc                RCC_IRQHandler
                0x00000000080001dc                TIM1_TRG_COM_IRQHandler
                0x00000000080001dc                DMA1_Channel1_IRQHandler
                0x00000000080001dc                Default_Handler
                0x00000000080001dc                EXTI15_10_IRQHandler
                0x00000000080001dc                EXTI9_5_IRQHandler
                0x00000000080001dc                SPI2_IRQHandler
                0x00000000080001dc                MemManage_Handler
                0x00000000080001dc                SVC_Handler
                0x00000000080001dc                DMA1_Channel5_IRQHandler
                0x00000000080001dc                EXTI4_IRQHandler
                0x00000000080001dc                USB_LP_CAN1_RX0_IRQHandler
                0x00000000080001dc                USB_HP_CAN1_TX_IRQHandler
                0x00000000080001dc                DMA1_Channel3_IRQHandler
                0x00000000080001dc                TIM1_UP_IRQHandler
                0x00000000080001dc                WWDG_IRQHandler
                0x00000000080001dc                TIM2_IRQHandler
                0x00000000080001dc                TIM1_BRK_IRQHandler
                0x00000000080001dc                EXTI1_IRQHandler
                0x00000000080001dc                USART2_IRQHandler
                0x00000000080001dc                I2C2_ER_IRQHandler
                0x00000000080001dc                DMA1_Channel2_IRQHandler
                0x00000000080001dc                CAN1_SCE_IRQHandler
                0x00000000080001dc                FLASH_IRQHandler
                0x00000000080001dc                BusFault_Handler
                0x00000000080001dc                USART1_IRQHandler
                0x00000000080001dc                I2C1_ER_IRQHandler
                0x00000000080001dc                USBWakeUp_IRQHandler
 *fill*         0x00000000080001de        0x2 
 .text.LL_APB2_GRP1_EnableClock
                0x00000000080001e0       0x1c build/obj/main.o
 .text.SystemClock_Config
                0x00000000080001fc       0xa8 build/obj/main.o
                0x00000000080001fc                SystemClock_Config
 .text.startup.main
                0x00000000080002a4       0x50 build/obj/main.o
                0x00000000080002a4                main
 .text.LL_Init1msTick
                0x00000000080002f4       0x1c build/obj/drivers/STM32F1xx_HAL_Driver/Src/stm32f1xx_ll_utils.o
                0x00000000080002f4                LL_Init1msTick
 .text.LL_SetSystemCoreClock
                0x0000000008000310        0xc build/obj/drivers/STM32F1xx_HAL_Driver/Src/stm32f1xx_ll_utils.o
                0x0000000008000310                LL_SetSystemCoreClock
 .text.SystemInit
                0x000000000800031c       0x4c build/obj/system/system_stm32f1xx.o
                0x000000000800031c                SystemInit
 *(.glue_7)
 .glue_7        0x0000000008000368        0x0 linker stubs
 *(.glue_7t)
 .glue_7t       0x0000000008000368        0x0 linker stubs
 *(.eh_frame)
 .eh_frame      0x0000000008000368        0x0 /home/STM32/gcc-arm-none-eabi-9-2019-q4-major/bin/../lib/gcc/arm-none-eabi/9.2.1/thumb/v7-m/nofp/crtbegin.o
 *(.init)
 .init          0x0000000008000368        0x4 /home/STM32/gcc-arm-none-eabi-9-2019-q4-major/bin/../lib/gcc/arm-none-eabi/9.2.1/thumb/v7-m/nofp/crti.o
                0x0000000008000368                _init
 .init          0x000000000800036c        0x8 /home/STM32/gcc-arm-none-eabi-9-2019-q4-major/bin/../lib/gcc/arm-none-eabi/9.2.1/thumb/v7-m/nofp/crtn.o
 *(.fini)
 .fini          0x0000000008000374        0x4 /home/STM32/gcc-arm-none-eabi-9-2019-q4-major/bin/../lib/gcc/arm-none-eabi/9.2.1/thumb/v7-m/nofp/crti.o
                0x0000000008000374                _fini
 .fini          0x0000000008000378        0x8 /home/STM32/gcc-arm-none-eabi-9-2019-q4-major/bin/../lib/gcc/arm-none-eabi/9.2.1/thumb/v7-m/nofp/crtn.o
                0x0000000008000380                . = ALIGN (0x4)
                0x0000000008000380                _etext = .

.vfp11_veneer   0x0000000008000380        0x0
 .vfp11_veneer  0x0000000008000380        0x0 linker stubs

.v4_bx          0x0000000008000380        0x0
 .v4_bx         0x0000000008000380        0x0 linker stubs

.iplt           0x0000000008000380        0x0
 .iplt          0x0000000008000380        0x0 /home/STM32/gcc-arm-none-eabi-9-2019-q4-major/bin/../lib/gcc/arm-none-eabi/9.2.1/thumb/v7-m/nofp/crtbegin.o

.rel.dyn        0x0000000008000380        0x0
 .rel.iplt      0x0000000008000380        0x0 /home/STM32/gcc-arm-none-eabi-9-2019-q4-major/bin/../lib/gcc/arm-none-eabi/9.2.1/thumb/v7-m/nofp/crtbegin.o

.rodata         0x0000000008000380        0x0
                0x0000000008000380                . = ALIGN (0x4)
 *(.rodata)
 *(.rodata*)
                0x0000000008000380                . = ALIGN (0x4)

.ARM.extab
 *(.ARM.extab* .gnu.linkonce.armextab.*)

.ARM            0x0000000008000380        0x0
                0x0000000008000380                __exidx_start = .
 *(.ARM.exidx*)
                0x0000000008000380                __exidx_end = .

.preinit_array  0x0000000008000380        0x0
                0x0000000008000380                PROVIDE (__preinit_array_start = .)
 *(.preinit_array*)
                0x0000000008000380                PROVIDE (__preinit_array_end = .)

.init_array     0x0000000008000380        0x4
                0x0000000008000380                PROVIDE (__init_array_start = .)
 *(SORT_BY_NAME(.init_array.*))
 *(.init_array*)
 .init_array    0x0000000008000380        0x4 /home/STM32/gcc-arm-none-eabi-9-2019-q4-major/bin/../lib/gcc/arm-none-eabi/9.2.1/thumb/v7-m/nofp/crtbegin.o
                0x0000000008000384                PROVIDE (__init_array_end = .)

.fini_array     0x0000000008000384        0x4
                [!provide]                        PROVIDE (__fini_array_start = .)
 *(SORT_BY_NAME(.fini_array.*))
 *(.fini_array*)
 .fini_array    0x0000000008000384        0x4 /home/STM32/gcc-arm-none-eabi-9-2019-q4-major/bin/../lib/gcc/arm-none-eabi/9.2.1/thumb/v7-m/nofp/crtbegin.o
                [!provide]                        PROVIDE (__fini_array_end = .)
                0x0000000008000388                _sidata = LOADADDR (.data)

.data           0x0000000020000000        0x4 load address 0x0000000008000388
                0x0000000020000000                . = ALIGN (0x4)
                0x0000000020000000                _sdata = .
 *(.data)
 *(.data*)
 .data.SystemCoreClock
                0x0000000020000000        0x4 build/obj/system/system_stm32f1xx.o
                0x0000000020000000                SystemCoreClock
                0x0000000020000004                . = ALIGN (0x4)
                0x0000000020000004                _edata = .

.igot.plt       0x0000000020000004        0x0 load address 0x000000000800038c
 .igot.plt      0x0000000020000004        0x0 /home/STM32/gcc-arm-none-eabi-9-2019-q4-major/bin/../lib/gcc/arm-none-eabi/9.2.1/thumb/v7-m/nofp/crtbegin.o
                0x0000000020000004                . = ALIGN (0x4)

.bss            0x0000000020000004       0x1c load address 0x000000000800038c
                0x0000000020000004                _sbss = .
                0x0000000020000004                __bss_start__ = _sbss
 *(.bss)
 .bss           0x0000000020000004       0x1c /home/STM32/gcc-arm-none-eabi-9-2019-q4-major/bin/../lib/gcc/arm-none-eabi/9.2.1/thumb/v7-m/nofp/crtbegin.o
 *(.bss*)
 *(COMMON)
                0x0000000020000020                . = ALIGN (0x4)
                0x0000000020000020                _ebss = .
                0x0000000020000020                __bss_end__ = _ebss

._user_heap_stack
                0x0000000020000020      0x600 load address 0x000000000800038c
                0x0000000020000020                . = ALIGN (0x8)
                [!provide]                        PROVIDE (end = .)
                [!provide]                        PROVIDE (_end = .)
                0x0000000020000220                . = (. + _Min_Heap_Size)
 *fill*         0x0000000020000020      0x200 
                0x0000000020000620                . = (. + _Min_Stack_Size)
 *fill*         0x0000000020000220      0x400 
                0x0000000020000620                . = ALIGN (0x8)

/DISCARD/
 libc.a(*)
 libm.a(*)
 libgcc.a(*)

.ARM.attributes
                0x0000000000000000       0x29
 *(.ARM.attributes)
 .ARM.attributes
                0x0000000000000000       0x1d /home/STM32/gcc-arm-none-eabi-9-2019-q4-major/bin/../lib/gcc/arm-none-eabi/9.2.1/thumb/v7-m/nofp/crti.o
 .ARM.attributes
                0x000000000000001d       0x2d /home/STM32/gcc-arm-none-eabi-9-2019-q4-major/bin/../lib/gcc/arm-none-eabi/9.2.1/thumb/v7-m/nofp/crtbegin.o
 .ARM.attributes
                0x000000000000004a       0x2d /home/STM32/gcc-arm-none-eabi-9-2019-q4-major/bin/../lib/gcc/arm-none-eabi/9.2.1/../../../../arm-none-eabi/lib/thumb/v7-m/nofp/libc_nano.a(lib_a-init.o)
 .ARM.attributes
                0x0000000000000077       0x21 build/obj/system/startup_stm32f103xb.o
 .ARM.attributes
                0x0000000000000098       0x2d build/obj/main.o
 .ARM.attributes
                0x00000000000000c5       0x2d build/obj/drivers/STM32F1xx_HAL_Driver/Src/stm32f1xx_ll_utils.o
 .ARM.attributes
                0x00000000000000f2       0x2d build/obj/system/system_stm32f1xx.o
 .ARM.attributes
                0x000000000000011f       0x1d /home/STM32/gcc-arm-none-eabi-9-2019-q4-major/bin/../lib/gcc/arm-none-eabi/9.2.1/thumb/v7-m/nofp/crtn.o
OUTPUT(build/stm32_fmenu.elf elf32-littlearm)

.debug_frame    0x0000000000000000      0x16c
 .debug_frame   0x0000000000000000       0x2c /home/STM32/gcc-arm-none-eabi-9-2019-q4-major/bin/../lib/gcc/arm-none-eabi/9.2.1/../../../../arm-none-eabi/lib/thumb/v7-m/nofp/libc_nano.a(lib_a-init.o)
 .debug_frame   0x000000000000002c       0x58 build/obj/main.o
 .debug_frame   0x0000000000000084       0xb8 build/obj/drivers/STM32F1xx_HAL_Driver/Src/stm32f1xx_ll_utils.o
 .debug_frame   0x000000000000013c       0x30 build/obj/system/system_stm32f1xx.o

.debug_info     0x0000000000000000     0x1da7
 .debug_info    0x0000000000000000      0xd52 build/obj/main.o
 .debug_info    0x0000000000000d52      0xbfc build/obj/drivers/STM32F1xx_HAL_Driver/Src/stm32f1xx_ll_utils.o
 .debug_info    0x000000000000194e      0x459 build/obj/system/system_stm32f1xx.o

.debug_abbrev   0x0000000000000000      0x7c0
 .debug_abbrev  0x0000000000000000      0x2cc build/obj/main.o
 .debug_abbrev  0x00000000000002cc      0x3a1 build/obj/drivers/STM32F1xx_HAL_Driver/Src/stm32f1xx_ll_utils.o
 .debug_abbrev  0x000000000000066d      0x153 build/obj/system/system_stm32f1xx.o

.debug_loc      0x0000000000000000      0xa16
 .debug_loc     0x0000000000000000      0x2b2 build/obj/main.o
 .debug_loc     0x00000000000002b2      0x67d build/obj/drivers/STM32F1xx_HAL_Driver/Src/stm32f1xx_ll_utils.o
 .debug_loc     0x000000000000092f       0xe7 build/obj/system/system_stm32f1xx.o

.debug_aranges  0x0000000000000000       0xa8
 .debug_aranges
                0x0000000000000000       0x30 build/obj/main.o
 .debug_aranges
                0x0000000000000030       0x50 build/obj/drivers/STM32F1xx_HAL_Driver/Src/stm32f1xx_ll_utils.o
 .debug_aranges
                0x0000000000000080       0x28 build/obj/system/system_stm32f1xx.o

.debug_ranges   0x0000000000000000      0x2e0
 .debug_ranges  0x0000000000000000      0x128 build/obj/main.o
 .debug_ranges  0x0000000000000128      0x1a0 build/obj/drivers/STM32F1xx_HAL_Driver/Src/stm32f1xx_ll_utils.o
 .debug_ranges  0x00000000000002c8       0x18 build/obj/system/system_stm32f1xx.o

.debug_line     0x0000000000000000      0xe04
 .debug_line    0x0000000000000000      0x4c8 build/obj/main.o
 .debug_line    0x00000000000004c8      0x72e build/obj/drivers/STM32F1xx_HAL_Driver/Src/stm32f1xx_ll_utils.o
 .debug_line    0x0000000000000bf6      0x20e build/obj/system/system_stm32f1xx.o

.debug_str      0x0000000000000000      0xa59
 .debug_str     0x0000000000000000      0x779 build/obj/main.o
                                        0x7e8 (size before relaxing)
 .debug_str     0x0000000000000779      0x28d build/obj/drivers/STM32F1xx_HAL_Driver/Src/stm32f1xx_ll_utils.o
                                        0x620 (size before relaxing)
 .debug_str     0x0000000000000a06       0x53 build/obj/system/system_stm32f1xx.o
                                        0x2ba (size before relaxing)

.comment        0x0000000000000000       0x79
 .comment       0x0000000000000000       0x79 build/obj/main.o
                                         0x7a (size before relaxing)
 .comment       0x0000000000000079       0x7a build/obj/drivers/STM32F1xx_HAL_Driver/Src/stm32f1xx_ll_utils.o
 .comment       0x0000000000000079       0x7a build/obj/system/system_stm32f1xx.o

Cross Reference Table

Symbol                                            File
ADC1_2_IRQHandler                                 build/obj/system/startup_stm32f103xb.o
AHBPrescTable                                     build/obj/system/system_stm32f1xx.o
                                                  build/obj/drivers/STM32F1xx_HAL_Driver/Src/stm32f1xx_ll_utils.o
                                                  build/obj/drivers/STM32F1xx_HAL_Driver/Src/stm32f1xx_ll_rcc.o
APBPrescTable                                     build/obj/system/system_stm32f1xx.o
                                                  build/obj/drivers/STM32F1xx_HAL_Driver/Src/stm32f1xx_ll_rcc.o
BusFault_Handler                                  build/obj/system/startup_stm32f103xb.o
CAN1_RX1_IRQHandler                               build/obj/system/startup_stm32f103xb.o
CAN1_SCE_IRQHandler                               build/obj/system/startup_stm32f103xb.o
DMA1_Channel1_IRQHandler                          build/obj/system/startup_stm32f103xb.o
DMA1_Channel2_IRQHandler                          build/obj/system/startup_stm32f103xb.o
DMA1_Channel3_IRQHandler                          build/obj/system/startup_stm32f103xb.o
DMA1_Channel4_IRQHandler                          build/obj/system/startup_stm32f103xb.o
DMA1_Channel5_IRQHandler                          build/obj/system/startup_stm32f103xb.o
DMA1_Channel6_IRQHandler                          build/obj/system/startup_stm32f103xb.o
DMA1_Channel7_IRQHandler                          build/obj/system/startup_stm32f103xb.o
DebugMon_Handler                                  build/obj/system/startup_stm32f103xb.o
Default_Handler                                   build/obj/system/startup_stm32f103xb.o
EXTI0_IRQHandler                                  build/obj/system/startup_stm32f103xb.o
EXTI15_10_IRQHandler                              build/obj/system/startup_stm32f103xb.o
EXTI1_IRQHandler                                  build/obj/system/startup_stm32f103xb.o
EXTI2_IRQHandler                                  build/obj/system/startup_stm32f103xb.o
EXTI3_IRQHandler                                  build/obj/system/startup_stm32f103xb.o
EXTI4_IRQHandler                                  build/obj/system/startup_stm32f103xb.o
EXTI9_5_IRQHandler                                build/obj/system/startup_stm32f103xb.o
FLASH_IRQHandler                                  build/obj/system/startup_stm32f103xb.o
HardFault_Handler                                 build/obj/system/startup_stm32f103xb.o
I2C1_ER_IRQHandler                                build/obj/system/startup_stm32f103xb.o
I2C1_EV_IRQHandler                                build/obj/system/startup_stm32f103xb.o
I2C2_ER_IRQHandler                                build/obj/system/startup_stm32f103xb.o
I2C2_EV_IRQHandler                                build/obj/system/startup_stm32f103xb.o
LL_GPIO_DeInit                                    build/obj/drivers/STM32F1xx_HAL_Driver/Src/stm32f1xx_ll_gpio.o
LL_GPIO_Init                                      build/obj/drivers/STM32F1xx_HAL_Driver/Src/stm32f1xx_ll_gpio.o
LL_GPIO_StructInit                                build/obj/drivers/STM32F1xx_HAL_Driver/Src/stm32f1xx_ll_gpio.o
LL_Init1msTick                                    build/obj/drivers/STM32F1xx_HAL_Driver/Src/stm32f1xx_ll_utils.o
                                                  build/obj/main.o
LL_PLL_ConfigSystemClock_HSE                      build/obj/drivers/STM32F1xx_HAL_Driver/Src/stm32f1xx_ll_utils.o
LL_PLL_ConfigSystemClock_HSI                      build/obj/drivers/STM32F1xx_HAL_Driver/Src/stm32f1xx_ll_utils.o
LL_RCC_DeInit                                     build/obj/drivers/STM32F1xx_HAL_Driver/Src/stm32f1xx_ll_rcc.o
LL_RCC_GetADCClockFreq                            build/obj/drivers/STM32F1xx_HAL_Driver/Src/stm32f1xx_ll_rcc.o
LL_RCC_GetSystemClocksFreq                        build/obj/drivers/STM32F1xx_HAL_Driver/Src/stm32f1xx_ll_rcc.o
                                                  build/obj/drivers/STM32F1xx_HAL_Driver/Src/stm32f1xx_ll_usart.o
LL_RCC_GetUSBClockFreq                            build/obj/drivers/STM32F1xx_HAL_Driver/Src/stm32f1xx_ll_rcc.o
LL_SetSystemCoreClock                             build/obj/drivers/STM32F1xx_HAL_Driver/Src/stm32f1xx_ll_utils.o
                                                  build/obj/main.o
LL_USART_ClockInit                                build/obj/drivers/STM32F1xx_HAL_Driver/Src/stm32f1xx_ll_usart.o
LL_USART_ClockStructInit                          build/obj/drivers/STM32F1xx_HAL_Driver/Src/stm32f1xx_ll_usart.o
LL_USART_DeInit                                   build/obj/drivers/STM32F1xx_HAL_Driver/Src/stm32f1xx_ll_usart.o
LL_USART_Init                                     build/obj/drivers/STM32F1xx_HAL_Driver/Src/stm32f1xx_ll_usart.o
LL_USART_StructInit                               build/obj/drivers/STM32F1xx_HAL_Driver/Src/stm32f1xx_ll_usart.o
LL_mDelay                                         build/obj/drivers/STM32F1xx_HAL_Driver/Src/stm32f1xx_ll_utils.o
MemManage_Handler                                 build/obj/system/startup_stm32f103xb.o
NMI_Handler                                       build/obj/system/startup_stm32f103xb.o
NONE                                              build/obj/../fmenu/fmenu.o
PVD_IRQHandler                                    build/obj/system/startup_stm32f103xb.o
PendSV_Handler                                    build/obj/system/startup_stm32f103xb.o
RCC_GetHCLKClockFreq                              build/obj/drivers/STM32F1xx_HAL_Driver/Src/stm32f1xx_ll_rcc.o
RCC_GetPCLK1ClockFreq                             build/obj/drivers/STM32F1xx_HAL_Driver/Src/stm32f1xx_ll_rcc.o
RCC_GetPCLK2ClockFreq                             build/obj/drivers/STM32F1xx_HAL_Driver/Src/stm32f1xx_ll_rcc.o
RCC_GetSystemClockFreq                            build/obj/drivers/STM32F1xx_HAL_Driver/Src/stm32f1xx_ll_rcc.o
RCC_IRQHandler                                    build/obj/system/startup_stm32f103xb.o
RCC_PLL_GetFreqDomain_SYS                         build/obj/drivers/STM32F1xx_HAL_Driver/Src/stm32f1xx_ll_rcc.o
RTC_Alarm_IRQHandler                              build/obj/system/startup_stm32f103xb.o
RTC_IRQHandler                                    build/obj/system/startup_stm32f103xb.o
Reset_Handler                                     build/obj/system/startup_stm32f103xb.o
SPI1_IRQHandler                                   build/obj/system/startup_stm32f103xb.o
SPI2_IRQHandler                                   build/obj/system/startup_stm32f103xb.o
SVC_Handler                                       build/obj/system/startup_stm32f103xb.o
SysTick_Handler                                   build/obj/system/startup_stm32f103xb.o
SystemClock_Config                                build/obj/main.o
SystemCoreClock                                   build/obj/system/system_stm32f1xx.o
                                                  build/obj/drivers/STM32F1xx_HAL_Driver/Src/stm32f1xx_ll_utils.o
SystemCoreClockUpdate                             build/obj/system/system_stm32f1xx.o
SystemInit                                        build/obj/system/system_stm32f1xx.o
                                                  build/obj/system/startup_stm32f103xb.o
TAMPER_IRQHandler                                 build/obj/system/startup_stm32f103xb.o
TIM1_BRK_IRQHandler                               build/obj/system/startup_stm32f103xb.o
TIM1_CC_IRQHandler                                build/obj/system/startup_stm32f103xb.o
TIM1_TRG_COM_IRQHandler                           build/obj/system/startup_stm32f103xb.o
TIM1_UP_IRQHandler                                build/obj/system/startup_stm32f103xb.o
TIM2_IRQHandler                                   build/obj/system/startup_stm32f103xb.o
TIM3_IRQHandler                                   build/obj/system/startup_stm32f103xb.o
TIM4_IRQHandler                                   build/obj/system/startup_stm32f103xb.o
USART1_IRQHandler                                 build/obj/system/startup_stm32f103xb.o
USART2_IRQHandler                                 build/obj/system/startup_stm32f103xb.o
USART3_IRQHandler                                 build/obj/system/startup_stm32f103xb.o
USBWakeUp_IRQHandler                              build/obj/system/startup_stm32f103xb.o
USB_HP_CAN1_TX_IRQHandler                         build/obj/system/startup_stm32f103xb.o
USB_LP_CAN1_RX0_IRQHandler                        build/obj/system/startup_stm32f103xb.o
UsageFault_Handler                                build/obj/system/startup_stm32f103xb.o
WWDG_IRQHandler                                   build/obj/system/startup_stm32f103xb.o
__bss_end__                                       /home/STM32/gcc-arm-none-eabi-9-2019-q4-major/bin/../lib/gcc/arm-none-eabi/9.2.1/../../../../arm-none-eabi/lib/thumb/v7-m/nofp/crt0.o
__bss_start__                                     /home/STM32/gcc-arm-none-eabi-9-2019-q4-major/bin/../lib/gcc/arm-none-eabi/9.2.1/../../../../arm-none-eabi/lib/thumb/v7-m/nofp/crt0.o
__call_exitprocs                                  /home/STM32/gcc-arm-none-eabi-9-2019-q4-major/bin/../lib/gcc/arm-none-eabi/9.2.1/../../../../arm-none-eabi/lib/thumb/v7-m/nofp/libc_nano.a(lib_a-exit.o)
__deregister_frame_info                           /home/STM32/gcc-arm-none-eabi-9-2019-q4-major/bin/../lib/gcc/arm-none-eabi/9.2.1/thumb/v7-m/nofp/crtbegin.o
__dso_handle                                      /home/STM32/gcc-arm-none-eabi-9-2019-q4-major/bin/../lib/gcc/arm-none-eabi/9.2.1/thumb/v7-m/nofp/crtbegin.o
__init_array_end                                  /home/STM32/gcc-arm-none-eabi-9-2019-q4-major/bin/../lib/gcc/arm-none-eabi/9.2.1/../../../../arm-none-eabi/lib/thumb/v7-m/nofp/libc_nano.a(lib_a-init.o)
__init_array_start                                /home/STM32/gcc-arm-none-eabi-9-2019-q4-major/bin/../lib/gcc/arm-none-eabi/9.2.1/../../../../arm-none-eabi/lib/thumb/v7-m/nofp/libc_nano.a(lib_a-init.o)
__itoa                                            /home/STM32/gcc-arm-none-eabi-9-2019-q4-major/bin/../lib/gcc/arm-none-eabi/9.2.1/../../../../arm-none-eabi/lib/thumb/v7-m/nofp/libc_nano.a(lib_a-itoa.o)
                                                  build/obj/../fmenu/fproperty.o
__libc_fini_array                                 /home/STM32/gcc-arm-none-eabi-9-2019-q4-major/bin/../lib/gcc/arm-none-eabi/9.2.1/../../../../arm-none-eabi/lib/thumb/v7-m/nofp/crt0.o
__libc_init_array                                 /home/STM32/gcc-arm-none-eabi-9-2019-q4-major/bin/../lib/gcc/arm-none-eabi/9.2.1/../../../../arm-none-eabi/lib/thumb/v7-m/nofp/libc_nano.a(lib_a-init.o)
                                                  build/obj/system/startup_stm32f103xb.o
                                                  /home/STM32/gcc-arm-none-eabi-9-2019-q4-major/bin/../lib/gcc/arm-none-eabi/9.2.1/../../../../arm-none-eabi/lib/thumb/v7-m/nofp/crt0.o
__preinit_array_end                               /home/STM32/gcc-arm-none-eabi-9-2019-q4-major/bin/../lib/gcc/arm-none-eabi/9.2.1/../../../../arm-none-eabi/lib/thumb/v7-m/nofp/libc_nano.a(lib_a-init.o)
__preinit_array_start                             /home/STM32/gcc-arm-none-eabi-9-2019-q4-major/bin/../lib/gcc/arm-none-eabi/9.2.1/../../../../arm-none-eabi/lib/thumb/v7-m/nofp/libc_nano.a(lib_a-init.o)
__register_frame_info                             /home/STM32/gcc-arm-none-eabi-9-2019-q4-major/bin/../lib/gcc/arm-none-eabi/9.2.1/thumb/v7-m/nofp/crtbegin.o
__sf_fake_stderr                                  /home/STM32/gcc-arm-none-eabi-9-2019-q4-major/bin/../lib/gcc/arm-none-eabi/9.2.1/../../../../arm-none-eabi/lib/thumb/v7-m/nofp/libc_nano.a(lib_a-impure.o)
__sf_fake_stdin                                   /home/STM32/gcc-arm-none-eabi-9-2019-q4-major/bin/../lib/gcc/arm-none-eabi/9.2.1/../../../../arm-none-eabi/lib/thumb/v7-m/nofp/libc_nano.a(lib_a-impure.o)
__sf_fake_stdout                                  /home/STM32/gcc-arm-none-eabi-9-2019-q4-major/bin/../lib/gcc/arm-none-eabi/9.2.1/../../../../arm-none-eabi/lib/thumb/v7-m/nofp/libc_nano.a(lib_a-impure.o)
__stack                                           /home/STM32/gcc-arm-none-eabi-9-2019-q4-major/bin/../lib/gcc/arm-none-eabi/9.2.1/../../../../arm-none-eabi/lib/thumb/v7-m/nofp/crt0.o
__utoa                                            /home/STM32/gcc-arm-none-eabi-9-2019-q4-major/bin/../lib/gcc/arm-none-eabi/9.2.1/../../../../arm-none-eabi/lib/thumb/v7-m/nofp/libc_nano.a(lib_a-utoa.o)
                                                  /home/STM32/gcc-arm-none-eabi-9-2019-q4-major/bin/../lib/gcc/arm-none-eabi/9.2.1/../../../../arm-none-eabi/lib/thumb/v7-m/nofp/libc_nano.a(lib_a-itoa.o)
_ebss                                             build/obj/system/startup_stm32f103xb.o
_edata                                            build/obj/system/startup_stm32f103xb.o
_estack                                           build/obj/system/startup_stm32f103xb.o
_exit                                             /home/STM32/gcc-arm-none-eabi-9-2019-q4-major/bin/../lib/gcc/arm-none-eabi/9.2.1/../../../../arm-none-eabi/lib/thumb/v7-m/nofp/libnosys.a(_exit.o)
                                                  /home/STM32/gcc-arm-none-eabi-9-2019-q4-major/bin/../lib/gcc/arm-none-eabi/9.2.1/../../../../arm-none-eabi/lib/thumb/v7-m/nofp/libc_nano.a(lib_a-exit.o)
_fini                                             /home/STM32/gcc-arm-none-eabi-9-2019-q4-major/bin/../lib/gcc/arm-none-eabi/9.2.1/thumb/v7-m/nofp/crti.o
_global_impure_ptr                                /home/STM32/gcc-arm-none-eabi-9-2019-q4-major/bin/../lib/gcc/arm-none-eabi/9.2.1/../../../../arm-none-eabi/lib/thumb/v7-m/nofp/libc_nano.a(lib_a-impure.o)
                                                  /home/STM32/gcc-arm-none-eabi-9-2019-q4-major/bin/../lib/gcc/arm-none-eabi/9.2.1/../../../../arm-none-eabi/lib/thumb/v7-m/nofp/libc_nano.a(lib_a-exit.o)
_impure_ptr                                       /home/STM32/gcc-arm-none-eabi-9-2019-q4-major/bin/../lib/gcc/arm-none-eabi/9.2.1/../../../../arm-none-eabi/lib/thumb/v7-m/nofp/libc_nano.a(lib_a-impure.o)
_init                                             /home/STM32/gcc-arm-none-eabi-9-2019-q4-major/bin/../lib/gcc/arm-none-eabi/9.2.1/thumb/v7-m/nofp/crti.o
                                                  /home/STM32/gcc-arm-none-eabi-9-2019-q4-major/bin/../lib/gcc/arm-none-eabi/9.2.1/../../../../arm-none-eabi/lib/thumb/v7-m/nofp/libc_nano.a(lib_a-init.o)
_mainCRTStartup                                   /home/STM32/gcc-arm-none-eabi-9-2019-q4-major/bin/../lib/gcc/arm-none-eabi/9.2.1/../../../../arm-none-eabi/lib/thumb/v7-m/nofp/crt0.o
_sbss                                             build/obj/system/startup_stm32f103xb.o
_sdata                                            build/obj/system/startup_stm32f103xb.o
_sidata                                           build/obj/system/startup_stm32f103xb.o
_start                                            /home/STM32/gcc-arm-none-eabi-9-2019-q4-major/bin/../lib/gcc/arm-none-eabi/9.2.1/../../../../arm-none-eabi/lib/thumb/v7-m/nofp/crt0.o
atexit                                            /home/STM32/gcc-arm-none-eabi-9-2019-q4-major/bin/../lib/gcc/arm-none-eabi/9.2.1/../../../../arm-none-eabi/lib/thumb/v7-m/nofp/crt0.o
do_menu                                           build/obj/../fmenu/fmenu.o
eeprom_read_block                                 build/obj/../fmenu/fproperty.o
eeprom_update_block                               build/obj/../fmenu/fproperty.o
exit                                              /home/STM32/gcc-arm-none-eabi-9-2019-q4-major/bin/../lib/gcc/arm-none-eabi/9.2.1/../../../../arm-none-eabi/lib/thumb/v7-m/nofp/libc_nano.a(lib_a-exit.o)
                                                  /home/STM32/gcc-arm-none-eabi-9-2019-q4-major/bin/../lib/gcc/arm-none-eabi/9.2.1/../../../../arm-none-eabi/lib/thumb/v7-m/nofp/crt0.o
g_pfnVectors                                      build/obj/system/startup_stm32f103xb.o
get_item_text                                     build/obj/../fmenu/fmenu.o
hardware_init_hook                                /home/STM32/gcc-arm-none-eabi-9-2019-q4-major/bin/../lib/gcc/arm-none-eabi/9.2.1/../../../../arm-none-eabi/lib/thumb/v7-m/nofp/crt0.o
init_menu                                         build/obj/../fmenu/fmenu.o
itoa                                              /home/STM32/gcc-arm-none-eabi-9-2019-q4-major/bin/../lib/gcc/arm-none-eabi/9.2.1/../../../../arm-none-eabi/lib/thumb/v7-m/nofp/libc_nano.a(lib_a-itoa.o)
load_menu_properties                              build/obj/../fmenu/fmenu.o
load_property                                     build/obj/../fmenu/fproperty.o
                                                  build/obj/../fmenu/fmenu.o
main                                              build/obj/main.o
                                                  build/obj/system/startup_stm32f103xb.o
                                                  /home/STM32/gcc-arm-none-eabi-9-2019-q4-major/bin/../lib/gcc/arm-none-eabi/9.2.1/../../../../arm-none-eabi/lib/thumb/v7-m/nofp/crt0.o
memset                                            /home/STM32/gcc-arm-none-eabi-9-2019-q4-major/bin/../lib/gcc/arm-none-eabi/9.2.1/../../../../arm-none-eabi/lib/thumb/v7-m/nofp/libc_nano.a(lib_a-memset.o)
                                                  build/obj/../fmenu/fmenu.o
                                                  /home/STM32/gcc-arm-none-eabi-9-2019-q4-major/bin/../lib/gcc/arm-none-eabi/9.2.1/../../../../arm-none-eabi/lib/thumb/v7-m/nofp/crt0.o
menu_current                                      build/obj/../fmenu/fmenu.o
menu_first                                        build/obj/../fmenu/fmenu.o
paint_menu                                        build/obj/../fmenu/fmenu.o
property_as_text                                  build/obj/../fmenu/fproperty.o
                                                  build/obj/../fmenu/fmenu.o
property_edit                                     build/obj/../fmenu/fproperty.o
                                                  build/obj/../fmenu/fmenu.o
software_init_hook                                /home/STM32/gcc-arm-none-eabi-9-2019-q4-major/bin/../lib/gcc/arm-none-eabi/9.2.1/../../../../arm-none-eabi/lib/thumb/v7-m/nofp/crt0.o
store_menu_properties                             build/obj/../fmenu/fmenu.o
store_property                                    build/obj/../fmenu/fproperty.o
                                                  build/obj/../fmenu/fmenu.o
strcpy                                            /home/STM32/gcc-arm-none-eabi-9-2019-q4-major/bin/../lib/gcc/arm-none-eabi/9.2.1/../../../../arm-none-eabi/lib/thumb/v7-m/nofp/libc_nano.a(lib_a-strcpy.o)
                                                  build/obj/../fmenu/fproperty.o
strlen                                            /home/STM32/gcc-arm-none-eabi-9-2019-q4-major/bin/../lib/gcc/arm-none-eabi/9.2.1/../../../../arm-none-eabi/lib/thumb/v7-m/nofp/libc_nano.a(lib_a-strlen.o)
                                                  build/obj/../fmenu/fmenu.o
utoa                                              /home/STM32/gcc-arm-none-eabi-9-2019-q4-major/bin/../lib/gcc/arm-none-eabi/9.2.1/../../../../arm-none-eabi/lib/thumb/v7-m/nofp/libc_nano.a(lib_a-utoa.o)
